crispasr 0.8.29 (git 2bded419, Release) [backends: cpu]
crispasr: auto-detected backend 'tada' from '/tmp/tada-tts-1b-q4_k.gguf'
tada: 16L 2048d 32/8 heads, ff=8192, vocab=128256
tada: acoustic=512, time=16, fm_hidden=2048, fm_latent=528
tada: backend=CPU + CPU fallback
tada: loaded OK, KV cache for 1024 tokens
tada: FM B=2 batched CFG ENABLED
tada-codec: 1024d, 6 attn layers, 8 heads, strides [4,4,5,6]
tada-codec: backend=CPU + CPU fallback
tada-codec: loaded OK (171 tensors)
crispasr[tada]: codec = '/tmp/tada-codec-f16.gguf'
crispasr[align]: encoder=/tmp/tada-encoder-f16.gguf
crispasr[align]: aligner=/tmp/tada-aligner-en.gguf
crispasr[align]: voice=/opt/data/pk-asr/benchmark/aligner/run_team/audio_16k.wav text='Um Das könnte ein latentus Hintergrund raus und erzeugen. Also Teammeeting haltet nur in Anwesenheit von Straßenreinigungsmaschine. Felix. Heute ist der25. August. Jorge was krank. Wir haben relativ viele Punkte auf der Agenda, deswegen machen wir schon mal ein Teammeeting, kann sein, dass wir das morgen wiederholen. Genau. Kannst du das mal ein zweites Fenster aufmachen, wo du die Gesamtübersicht der Karten siehst? Genau, das fehlt dann nach Meeting. Die Leute schlafsen. Die Karte nicht gerade in dem anderen Fenster auf? Ja. Ich habe nicht die Karte offen.'
crispasr[align]: audio 90.00s @ 24kHz (2160000 samples)
[tada-encoder] hidden=1024 embed=512 attn_layers=6 heads=8 strides=[6,5,4,4] noise_std=0.50
[tada-encoder] loading aligner from /tmp/tada-aligner-en.gguf
[wav2vec2] vocab=128256  hidden=1024  layers=24  heads=16  ffn=4096
[tada-encoder] loaded 280147 BPE merges from aligner
[tada-encoder] tokenized 'Um Das könnte ein latentus Hintergrund raus und erzeugen. Also Teammeeting haltet nur in Anwesenheit von Straßenreinigungsmaschine. Felix. Heute ist der25. August. Jorge was krank. Wir haben relativ viele Punkte auf der Agenda, deswegen machen wir schon mal ein Teammeeting, kann sein, dass wir das morgen wiederholen. Genau. Kannst du das mal ein zweites Fenster aufmachen, wo du die Gesamtübersicht der Karten siehst? Genau, das fehlt dann nach Meeting. Die Leute schlafsen. Die Karte nicht gerade in dem anderen Fenster auf? Ja. Ich habe nicht die Karte offen.' → 157 tokens
[tada-encoder] aligned 157 tokens to 4499 CTC frames
[tada-encoder] masks: 157/4502 voiced, encoder frames=4502
crispasr[align]: 157 tokens → 88 words → /opt/data/pk-asr/benchmark/aligner/run_team/tada.json
